15:21:58 **** Build of configuration Debug for project mb_dino ****
make all 
'Building file: ../src/hdmi_text_controller.c'
'Invoking: MicroBlaze gcc compiler'
mb-gcc -Wall -O0 -g3 -c -fmessage-length=0 -MT"src/hdmi_text_controller.o" -ID:/U.I.U.C/FA24/ECE385/final_project/workspace/toplevel/export/toplevel/sw/toplevel/standalone_microblaze_0/bspinclude/include -mno-xl-reorder -mlittle-endian -mxl-barrel-shift -mxl-pattern-compare -mcpu=v11.0 -mno-xl-soft-mul -Wl,--no-relax -ffunction-sections -fdata-sections -MMD -MP -MF"src/hdmi_text_controller.d" -MT"src/hdmi_text_controller.o" -o "src/hdmi_text_controller.o" "../src/hdmi_text_controller.c"
In file included from ../src/hdmi_text_controller.h:8,
                 from ../src/hdmi_text_controller.c:4:
D:/U.I.U.C/FA24/ECE385/final_project/workspace/toplevel/export/toplevel/sw/toplevel/standalone_microblaze_0/bspinclude/include/xparameters.h:627:50: warning: initialization of 'volatile struct TEXT_HDMI_STRUCT *' from 'int' makes pointer from integer without a cast [-Wint-conversion]
  627 | #define XPAR_HDMI_DINO_CONTROLLER_0_AXI_BASEADDR 0x44A00000
      |                                                  ^~~~~~~~~~
../src/hdmi_text_controller.h:31:54: note: in expansion of macro 'XPAR_HDMI_DINO_CONTROLLER_0_AXI_BASEADDR'
   31 | static volatile struct TEXT_HDMI_STRUCT* hdmi_ctrl = XPAR_HDMI_DINO_CONTROLLER_0_AXI_BASEADDR;
      |                                                      ^~~~~~~~~~~~~~~~~~~~~~~~~~~~~~~~~~~~~~~~
../src/hdmi_text_controller.c:96:1: warning: return type defaults to 'int' [-Wimplicit-int]
   96 | hdmiTestWeek2()
      | ^~~~~~~~~~~~~
../src/hdmi_text_controller.c:96:1: warning: conflicting types for 'hdmiTestWeek2'
In file included from ../src/hdmi_text_controller.c:4:
../src/hdmi_text_controller.h:120:6: note: previous declaration of 'hdmiTestWeek2' with type 'void()'
  120 | void hdmiTestWeek2(); //call this for your Week 2 demo
      |      ^~~~~~~~~~~~~
../src/hdmi_text_controller.c: In function 'hdmiTestWeek2':
../src/hdmi_text_controller.c:119:46: warning: format '%x' expects argument of type 'unsigned int', but argument 3 has type 'uint32_t' {aka 'long unsigned int'} [-Wformat=]
  119 |                 printf ("Row: %d, Checksum: %x, Read-back Checksum: %x\n\r", j, checksum[j], readsum[j]);
      |                                             ~^                                  ~~~~~~~~~~~
      |                                              |                                          |
      |                                              unsigned int                               uint32_t {aka long unsigned int}
      |                                             %lx
../src/hdmi_text_controller.c:119:70: warning: format '%x' expects argument of type 'unsigned int', but argument 4 has type 'uint32_t' {aka 'long unsigned int'} [-Wformat=]
  119 |                 printf ("Row: %d, Checksum: %x, Read-back Checksum: %x\n\r", j, checksum[j], readsum[j]);
      |                                                                     ~^                       ~~~~~~~~~~
      |                                                                      |                              |
      |                                                                      unsigned int                   uint32_t {aka long unsigned int}
      |                                                                     %lx
'Finished building: ../src/hdmi_text_controller.c'
' '
'Building file: ../src/helloworld.c'
'Invoking: MicroBlaze gcc compiler'
mb-gcc -Wall -O0 -g3 -c -fmessage-length=0 -MT"src/helloworld.o" -ID:/U.I.U.C/FA24/ECE385/final_project/workspace/toplevel/export/toplevel/sw/toplevel/standalone_microblaze_0/bspinclude/include -mno-xl-reorder -mlittle-endian -mxl-barrel-shift -mxl-pattern-compare -mcpu=v11.0 -mno-xl-soft-mul -Wl,--no-relax -ffunction-sections -fdata-sections -MMD -MP -MF"src/helloworld.d" -MT"src/helloworld.o" -o "src/helloworld.o" "../src/helloworld.c"
In file included from D:/U.I.U.C/FA24/ECE385/final_project/workspace/toplevel/export/toplevel/sw/toplevel/standalone_microblaze_0/bspinclude/include/xil_printf.h:16,
                 from ../src/helloworld.c:50:
D:/U.I.U.C/FA24/ECE385/final_project/workspace/toplevel/export/toplevel/sw/toplevel/standalone_microblaze_0/bspinclude/include/xparameters.h:627:50: warning: initialization of 'volatile struct TEXT_HDMI_STRUCT *' from 'int' makes pointer from integer without a cast [-Wint-conversion]
  627 | #define XPAR_HDMI_DINO_CONTROLLER_0_AXI_BASEADDR 0x44A00000
      |                                                  ^~~~~~~~~~
../src/hdmi_text_controller.h:31:54: note: in expansion of macro 'XPAR_HDMI_DINO_CONTROLLER_0_AXI_BASEADDR'
   31 | static volatile struct TEXT_HDMI_STRUCT* hdmi_ctrl = XPAR_HDMI_DINO_CONTROLLER_0_AXI_BASEADDR;
      |                                                      ^~~~~~~~~~~~~~~~~~~~~~~~~~~~~~~~~~~~~~~~
In file included from ../src/helloworld.c:51:
../src/hdmi_text_controller.h:34:21: warning: 'colors' defined but not used [-Wunused-variable]
   34 | static struct COLOR colors[]={
      |                     ^~~~~~
../src/hdmi_text_controller.h:31:42: warning: 'hdmi_ctrl' defined but not used [-Wunused-variable]
   31 | static volatile struct TEXT_HDMI_STRUCT* hdmi_ctrl = XPAR_HDMI_DINO_CONTROLLER_0_AXI_BASEADDR;
      |                                          ^~~~~~~~~
'Finished building: ../src/helloworld.c'
' '
'Building file: ../src/platform.c'
'Invoking: MicroBlaze gcc compiler'
mb-gcc -Wall -O0 -g3 -c -fmessage-length=0 -MT"src/platform.o" -ID:/U.I.U.C/FA24/ECE385/final_project/workspace/toplevel/export/toplevel/sw/toplevel/standalone_microblaze_0/bspinclude/include -mno-xl-reorder -mlittle-endian -mxl-barrel-shift -mxl-pattern-compare -mcpu=v11.0 -mno-xl-soft-mul -Wl,--no-relax -ffunction-sections -fdata-sections -MMD -MP -MF"src/platform.d" -MT"src/platform.o" -o "src/platform.o" "../src/platform.c"
'Finished building: ../src/platform.c'
' '
'Building target: mb_dino.elf'
'Invoking: MicroBlaze gcc linker'
mb-gcc -Wl,-T -Wl,../src/lscript.ld -LD:/U.I.U.C/FA24/ECE385/final_project/workspace/toplevel/export/toplevel/sw/toplevel/standalone_microblaze_0/bsplib/lib -mlittle-endian -mxl-barrel-shift -mxl-pattern-compare -mcpu=v11.0 -mno-xl-soft-mul -Wl,--no-relax -Wl,--gc-sections -o "mb_dino.elf"  ./src/hdmi_text_controller.o ./src/helloworld.o ./src/platform.o   -Wl,--start-group,-lxil,-lgcc,-lc,--end-group
'Finished building target: mb_dino.elf'
' '
'Invoking: MicroBlaze Print Size'
mb-size mb_dino.elf  |tee "mb_dino.elf.size"
   text	   data	    bss	    dec	    hex	filename
  85484	   2120	   3172	  90776	  16298	mb_dino.elf
'Finished building: mb_dino.elf.size'
' '

15:22:00 Build Finished (took 1s.709ms)

