datapath__87: 
logic__95: 
logic__100: 
dsp48e1__27: 
reg__31: 
reg__19: 
datapath__58: 
logic__7: 
case: 
counter__6: 
muxpart__31: 
datapath__63: 
datapath: 
logic__333: 
reg__20: 
case__34: 
dsp48e1__18: 
logic__8: 
logic__178: 
logic__173: 
datapath__100: 
logic__157: 
datapath__82: 
reg__7: 
datapath__76: 
logic__295: 
datapath__102: 
reg__9: 
reg__41: 
datapath__105: 
logic: 
case__17: 
m03_couplers_imp_11D4JQ3: 
case__61: 
datapath__114: 
datapath__17: 
m01_couplers_imp_ADY9K: 
datapath__25: 
datapath__13: 
datapath__72: 
datapath__2: 
logic__251: 
case__33: 
logic__81: 
reg__6: 
case__13: 
datapath__98: 
logic__301: 
logic__267: 
case__39: 
logic__103: 
reg__17: 
reg__32: 
reg__37: 
datapath__56: 
datapath__89: 
logic__175: 
muxpart__28: 
case__45: 
case__12: 
datapath__35: 
logic__282: 
case__67: 
logic__200: 
logic__253: 
muxpart__30: 
logic__39: 
case__54: 
mb_usb: 
case__58: 
logic__32: 
logic__228: 
logic__199: 
datapath__115: 
datapath__59: 
reg__11: 
datapath__71: 
logic__286: 
logic__66: 
muxpart__23: 
datapath__86: 
dsp48e1__21: 
counter__3: 
datapath__23: 
datapath__108: 
counter__14: 
logic__236: 
datapath__22: 
dsp48e1__8: 
reg__26: 
logic__3: 
dsp48e1__28: 
datapath__50: 
mb_usb_hdmi_top: 
logic__64: 
case__37: 
case__52: 
muxpart: 
logic__70: 
datapath__69: 
case__31: 
case__15: 
logic__270: 
logic__254: 
case__46: 
dsp48e1__31: 
dsp48e1__10: 
logic__94: 
case__57: 
dsp48e1__29: 
datapath__107: 
datapath__123: 
datapath__84: 
datapath__1: 
datapath__81: 
dsp48e1__7: 
reg__22: 
logic__150: 
logic__193: 
microblaze_0_local_memory_imp_4XV58R: 
dsp48e1__37: 
logic__221: 
mb_usb_microblaze_0_axi_periph_0: 
datapath__122: 
logic__220: 
dsp48e1__34: 
logic__135: 
logic__47: 
datapath__19: 
case__40: 
datapath__15: 
vga_controller: 
logic__334: 
logic__277: 
logic__191: 
dsp48e1__39: 
datapath__121: 
logic__124: 
muxpart__21: 
dsp48e1__26: 
dsp48e1__19: 
case__55: 
logic__224: 
counter__5: 
datapath__90: 
case__48: 
logic__240: 
datapath__85: 
logic__185: 
logic__268: 
logic__213: 
datapath__119: 
datapath__33: 
case__43: 
datapath__18: 
dsp48e1: 
logic__247: 
datapath__48: 
case__30: 
s00_couplers_imp_16FJ1YW: 
reg__28: 
case__66: 
case__53: 
datapath__31: 
dsp48e1__12: 
datapath__83: 
case__36: 
muxpart__10: 
datapath__91: 
counter__8: 
case__20: 
case__35: 
datapath__99: 
case__56: 
logic__274: 
logic__325: 
logic__279: 
reg__12: 
datapath__37: 
counter: 
muxpart__27: 
reg__2: 
case__64: 
logic__216: 
counter__11: 
reg__1: 
reg__25: 
logic__33: 
datapath__54: 
counter__16: 
logic__343: 
dsp48e1__2: 
m05_couplers_imp_1N5X0ZJ: 
reg: 
reg__30: 
case__63: 
muxpart__19: 
datapath__5: 
datapath__52: 
logic__12: 
logic__283: 
logic__5: 
logic__233: 
m02_couplers_imp_BB516Y: 
dsp48e1__16: 
muxpart__26: 
logic__10: 
logic__158: 
dsp48e1__24: 
dsp48e1__9: 
m00_couplers_imp_1CNVJ1L: 
datapath__11: 
case__14: 
case__69: 
logic__167: 
case__38: 
logic__145: 
datapath__7: 
datapath__94: 
logic__250: 
logic__127: 
datapath__68: 
logic__132: 
datapath__57: 
logic__315: 
logic__149: 
muxpart__11: 
logic__11: 
dsp48e1__36: 
logic__225: 
dsp48e1__30: 
datapath__55: 
logic__198: 
reg__8: 
case__62: 
logic__205: 
logic__298: 
logic__260: 
counter__10: 
dsp48e1__38: 
dsp48e1__11: 
logic__252: 
datapath__120: 
datapath__42: 
logic__65: 
datapath__110: 
reg__39: 
case__22: 
datapath__16: 
datapath__67: 
datapath__79: 
reg__45: 
logic__292: 
datapath__28: 
case__70: 
dsp48e1__17: 
logic__208: 
datapath__118: 
datapath__113: 
datapath__40: 
datapath__12: 
datapath__10: 
datapath__46: 
logic__104: 
logic__43: 
dino_palette: 
case__65: 
case__60: 
logic__209: 
logic__182: 
logic__161: 
xlconcat_v2_1_4_xlconcat: 
reg__3: 
m04_couplers_imp_Y7VWKU: 
datapath__36: 
counter__4: 
m06_couplers_imp_1Y6O2J1: 
logic__179: 
dsp48e1__40: 
datapath__109: 
counter__1: 
datapath__60: 
case__47: 
Color_Mapper: 
logic__244: 
logic__204: 
logic__34: 
logic__144: 
datapath__97: 
datapath__104: 
datapath__49: 
logic__89: 
datapath__14: 
reg__40: 
logic__278: 
datapath__116: 
reg__18: 
logic__276: 
reg__10: 
lfsr: 
datapath__9: 
reg__27: 
logic__86: 
logic__168: 
datapath__4: 
logic__192: 
datapath__53: 
dsp48e1__33: 
datapath__103: 
reg__15: 
muxpart__20: 
logic__241: 
logic__188: 
logic__162: 
game_logic: 
logic__237: 
muxpart__29: 
logic__46: 
logic__68: 
mb_usb_microblaze_0_xlconcat_0: 
logic__142: 
datapath__30: 
case__59: 
muxpart__25: 
logic__117: 
logic__304: 
counter__9: 
reg__36: 
datapath__112: 
reg__29: 
datapath__43: 
dsp48e1__25: 
reg__42: 
logic__275: 
reg__24: 
dsp48e1__22: 
logic__232: 
logic__189: 
datapath__3: 
logic__143: 
reg__34: 
counter__15: 
reg__35: 
datapath__96: 
datapath__70: 
datapath__111: 
logic__6: 
datapath__47: 
case__51: 
logic__108: 
reg__21: 
logic__289: 
dsp48e1__13: 
logic__261: 
dsp48e1__32: 
reg__14: 
datapath__93: 
logic__307: 
datapath__21: 
datapath__74: 
reg__38: 
counter__12: 
muxpart__22: 
Dinosaur: 
datapath__117: 
datapath__73: 
logic__93: 
muxpart__1: 
dsp48e1__35: 
datapath__65: 
hex_driver: 
datapath__26: 
datapath__39: 
logic__172: 
logic__272: 
logic__174: 
reg__33: 
logic__107: 
case__68: 
logic__67: 
datapath__20: 
case__32: 
datapath__27: 
logic__194: 
datapath__106: 
counter__2: 
case__41: 
case__18: 
logic__31: 
reg__43: 
datapath__45: 
logic__141: 
logic__154: 
logic__4: 
muxpart__24: 
dsp48e1__1: 
datapath__66: 
datapath__6: 
dsp48e1__20: 
counter__7: 
logic__190: 
logic__45: 
dsp48e1__3: 
datapath__88: 
datapath__101: 
counter__13: 
logic__136: 
case__42: 
logic__212: 
dsp48e1__4: 
reg__16: 
datapath__78: 
datapath__77: 
case__50: 
dsp48e1__23: 
logic__14: 
logic__308: 
datapath__41: 
logic__146: 
datapath__80: 
datapath__34: 
dsp48e1__6: 
datapath__62: 
datapath__95: 
datapath__44: 
reg__44: 
case__44: 
reg__13: 
datapath__51: 
dsp48e1__15: 
datapath__8: 
logic__92: 
datapath__24: 
datapath__75: 
logic__217: 
logic__324: 
reg__23: 
logic__153: 
datapath__64: 
logic__229: 
logic__38: 
dsp48e1__5: 
dsp48e1__14: 
datapath__29: 
datapath__92: 
logic__201: 
datapath__32: 
datapath__61: 
datapath__38: 
logic__77: 
